// Jest Snapshot v1, https://goo.gl/fbAQLP

exports[`should parse a workout correctly... 1`] = `"[{\\"newExercise\\":\\"#Farmer walk\\"},{\\"newExercise\\":\\"#Running \\"},{\\"on\\":\\"2020-01-12\\"},{\\"bw\\":75,\\"lb\\":null},{\\"tag\\":\\"Workout Dificulty\\",\\"value\\":\\"7\\",\\"type\\":\\"TAG_RPE\\"},{\\"tag\\":\\"Accesory work dificulty\\",\\"value\\":\\"7\\",\\"type\\":\\"TAG_RPE2\\"},{\\"tag\\":\\"Workout duration (in hours)\\",\\"value\\":\\"1.5\\",\\"type\\":\\"TAG_TIME_h\\"},{\\"tag\\":\\"Session duration\\",\\"value\\":\\"2|25|0|0\\",\\"type\\":\\"TAG_TIME_hm\\"},{\\"tag\\":\\"Time on the bike\\",\\"value\\":\\"1|15|15|0\\",\\"type\\":\\"TAG_TIME_hm\\"},{\\"tag\\":\\"Cardio\\",\\"value\\":\\"1|0|20|300\\",\\"type\\":\\"TAG_TIME_hm\\"},{\\"tag\\":\\"Rest time\\",\\"value\\":\\"0|3|14|0\\",\\"type\\":\\"TAG_TIME_ms\\"},{\\"tag\\":\\"Burpees\\",\\"value\\":\\"0|2|15|199\\",\\"type\\":\\"TAG_TIME_ms\\"},{\\"tag\\":\\"Rest per set (in seconds)\\",\\"value\\":\\"3\\",\\"type\\":\\"TAG_TIME_sec\\"},{\\"tag\\":\\"Rest per set (in seconds)\\",\\"value\\":\\"5\\",\\"type\\":\\"TAG_TIME_sec\\"},{\\"tag\\":\\"Rest per set (in seconds)\\",\\"value\\":\\"2.5\\",\\"type\\":\\"TAG_TIME_sec\\"},{\\"tag\\":\\"Rest between sets (MMSS)\\",\\"value\\":\\"0|3|24|0\\",\\"type\\":\\"TAG_TIME_hms\\"},{\\"tag\\":\\"Workout duration (HHMMSS)\\",\\"value\\":\\"1|20|00|0\\",\\"type\\":\\"TAG_TIME_hms\\"},{\\"tag\\":\\"Blood Pressure\\",\\"value\\":\\"120-80\\",\\"type\\":\\"TAG_BLOOD\\"},{\\"tag\\":\\"Blood Pressure (short format)\\",\\"value\\":\\"120-80\\",\\"type\\":\\"TAG_BLOOD\\"},{\\"tag\\":\\"Stress\\",\\"value\\":\\"4.5/10\\",\\"type\\":\\"TAG_RANK\\"},{\\"tag\\":\\"Pain\\",\\"value\\":\\"5/10\\",\\"type\\":\\"TAG_RANK\\"},{\\"tag\\":\\"Will to live\\",\\"value\\":\\"50/100\\",\\"type\\":\\"TAG_RANK\\"},{\\"tag\\":\\"Steps\\",\\"value\\":\\"65\\",\\"type\\":\\"TAG_INT\\"},{\\"tag\\":\\"Liters of water\\",\\"value\\":\\"3.2\\",\\"type\\":\\"TAG_INT\\"},{\\"tag\\":\\"Feel like\\",\\"value\\":\\"shit\\",\\"type\\":\\"TAG_STRING\\"},{\\"tag\\":\\"mood\\",\\"value\\":\\"grumpy\\",\\"type\\":\\"TAG_STRING\\"},{\\"text\\":\\"Today was a good day\\"},{\\"eid\\":1,\\"erows\\":[{\\"erow\\":true,\\"w\\":{\\"v\\":60},\\"r\\":3,\\"s\\":1,\\"t\\":0,\\"c\\":\\"\\",\\"d\\":null,\\"type\\":0,\\"rpe\\":null,\\"line\\":28},{\\"erow\\":true,\\"w\\":{\\"v\\":100},\\"r\\":5,\\"s\\":5,\\"t\\":0,\\"c\\":\\"haha\\",\\"d\\":null,\\"type\\":0,\\"rpe\\":null,\\"line\\":29}]},{\\"text\\":\\"Then in the afternoon!...\\"},{\\"eid\\":2,\\"erows\\":[{\\"erow\\":true,\\"w\\":{\\"v\\":100},\\"r\\":5,\\"s\\":4,\\"t\\":0,\\"c\\":\\"\\",\\"d\\":null,\\"type\\":0,\\"rpe\\":5.5,\\"line\\":32}]},{\\"text\\":\\"The i just ran...\\\\nasdasd\\"},{\\"eid\\":0,\\"erows\\":[{\\"erow\\":true,\\"w\\":{\\"v\\":140},\\"r\\":1,\\"s\\":1,\\"t\\":0,\\"c\\":\\"\\",\\"d\\":{\\"val\\":50000,\\"unit\\":\\"m\\"},\\"type\\":2,\\"rpe\\":null,\\"line\\":36}]},{\\"eid\\":-1,\\"erows\\":[{\\"erow\\":true,\\"w\\":0,\\"r\\":1,\\"s\\":1,\\"t\\":600000,\\"c\\":\\"\\",\\"d\\":{\\"val\\":13000000,\\"unit\\":\\"m\\"},\\"type\\":2,\\"rpe\\":null,\\"line\\":38}]},{\\"on\\":\\"2023-11-12\\"},{\\"text\\":\\"Thenext day rest\\"}]"`;
